mode: set
github.com/renatospaka/scheduler/adapter/event/test/mocEvent.go:11.37,13.2 1 1
github.com/renatospaka/scheduler/adapter/event/test/mocEvent.go:17.43,20.2 2 1
github.com/renatospaka/scheduler/adapter/event/test/mocListener.go:8.39,11.2 2 1
github.com/renatospaka/scheduler/adapter/event/test/mocListener.go:13.50,15.2 1 1
github.com/renatospaka/scheduler/scheduler/worker/core/usecase/tests/mocRepository.go:20.74,21.13 1 1
github.com/renatospaka/scheduler/scheduler/worker/core/usecase/tests/mocRepository.go:21.13,23.3 1 0
github.com/renatospaka/scheduler/scheduler/worker/core/usecase/tests/mocRepository.go:25.2,26.20 2 1
github.com/renatospaka/scheduler/scheduler/worker/core/usecase/tests/mocRepository.go:32.87,33.13 1 1
github.com/renatospaka/scheduler/scheduler/worker/core/usecase/tests/mocRepository.go:33.13,35.3 1 0
github.com/renatospaka/scheduler/scheduler/worker/core/usecase/tests/mocRepository.go:37.2,44.20 8 1
github.com/renatospaka/scheduler/scheduler/worker/core/usecase/tests/mocRepository.go:49.64,51.2 1 0
